{"level":"error","message":"Database connection error: Error\n    at Query.run (/home/aconitum/Desktop/QEngine/node_modules/sequelize/lib/dialects/mysql/query.js:52:25)\n    at /home/aconitum/Desktop/QEngine/node_modules/sequelize/lib/sequelize.js:315:28\n    at process.processTicksAndRejections (node:internal/process/task_queues:103:5)\n    at async Employee.sync (/home/aconitum/Desktop/QEngine/node_modules/sequelize/lib/model.js:984:11)\n    at async Sequelize.sync (/home/aconitum/Desktop/QEngine/node_modules/sequelize/lib/sequelize.js:377:9) {\n  [stack]: [Getter/Setter],\n  [message]: \"Truncated incorrect INTEGER value: 'Male'\",\n  name: 'SequelizeDatabaseError',\n  parent: Error: Truncated incorrect INTEGER value: 'Male'\n      at Packet.asError (/home/aconitum/Desktop/QEngine/node_modules/mysql2/lib/packets/packet.js:791:17)\n      at Query.execute (/home/aconitum/Desktop/QEngine/node_modules/mysql2/lib/commands/command.js:29:26)\n      at Connection.handlePacket (/home/aconitum/Desktop/QEngine/node_modules/mysql2/lib/base/connection.js:552:34)\n      at PacketParser.onPacket (/home/aconitum/Desktop/QEngine/node_modules/mysql2/lib/base/connection.js:102:12)\n      at PacketParser.executeStart (/home/aconitum/Desktop/QEngine/node_modules/mysql2/lib/packet_parser.js:75:16)\n      at Socket.<anonymous> (/home/aconitum/Desktop/QEngine/node_modules/mysql2/lib/base/connection.js:109:25)\n      at Socket.emit (node:events:519:28)\n      at addChunk (node:internal/streams/readable:561:12)\n      at readableAddChunkPushByteMode (node:internal/streams/readable:512:3)\n      at Readable.push (node:internal/streams/readable:392:5) {\n    [stack]: [Getter/Setter],\n    [message]: \"Truncated incorrect INTEGER value: 'Male'\",\n    code: 'ER_TRUNCATED_WRONG_VALUE',\n    errno: 1292,\n    sqlState: '22007',\n    sqlMessage: \"Truncated incorrect INTEGER value: 'Male'\",\n    sql: 'ALTER TABLE `Employees` CHANGE `gender` `gender` INTEGER NOT NULL;',\n    parameters: undefined\n  },\n  original: Error: Truncated incorrect INTEGER value: 'Male'\n      at Packet.asError (/home/aconitum/Desktop/QEngine/node_modules/mysql2/lib/packets/packet.js:791:17)\n      at Query.execute (/home/aconitum/Desktop/QEngine/node_modules/mysql2/lib/commands/command.js:29:26)\n      at Connection.handlePacket (/home/aconitum/Desktop/QEngine/node_modules/mysql2/lib/base/connection.js:552:34)\n      at PacketParser.onPacket (/home/aconitum/Desktop/QEngine/node_modules/mysql2/lib/base/connection.js:102:12)\n      at PacketParser.executeStart (/home/aconitum/Desktop/QEngine/node_modules/mysql2/lib/packet_parser.js:75:16)\n      at Socket.<anonymous> (/home/aconitum/Desktop/QEngine/node_modules/mysql2/lib/base/connection.js:109:25)\n      at Socket.emit (node:events:519:28)\n      at addChunk (node:internal/streams/readable:561:12)\n      at readableAddChunkPushByteMode (node:internal/streams/readable:512:3)\n      at Readable.push (node:internal/streams/readable:392:5) {\n    [stack]: [Getter/Setter],\n    [message]: \"Truncated incorrect INTEGER value: 'Male'\",\n    code: 'ER_TRUNCATED_WRONG_VALUE',\n    errno: 1292,\n    sqlState: '22007',\n    sqlMessage: \"Truncated incorrect INTEGER value: 'Male'\",\n    sql: 'ALTER TABLE `Employees` CHANGE `gender` `gender` INTEGER NOT NULL;',\n    parameters: undefined\n  },\n  sql: 'ALTER TABLE `Employees` CHANGE `gender` `gender` INTEGER NOT NULL;',\n  parameters: {}\n}","service":"qengine","timestamp":"2026-06-18 12:16:53"}
{"level":"info","message":"*****************************************","service":"qengine","timestamp":"2026-06-18 12:17:28"}
{"level":"info","message":"   QENGINE SERVER CONNECTED & SYNCED    ","service":"qengine","timestamp":"2026-06-18 12:17:28"}
{"level":"info","message":"*****************************************","service":"qengine","timestamp":"2026-06-18 12:17:28"}
{"level":"info","message":"Server running on http://localhost:3000","service":"qengine","timestamp":"2026-06-18 12:17:28"}
{"level":"info","message":"GET /","service":"qengine","timestamp":"2026-06-18 12:17:32"}
{"level":"info","message":"GET /css/style.css","service":"qengine","timestamp":"2026-06-18 12:17:32"}
{"level":"info","message":"GET /js/app.js","service":"qengine","timestamp":"2026-06-18 12:17:32"}
{"level":"info","message":"GET /api/all?_=1781765252847","service":"qengine","timestamp":"2026-06-18 12:17:33"}
{"level":"info","message":"GET /sw.js","service":"qengine","timestamp":"2026-06-18 12:17:33"}
{"level":"info","message":"POST /api/create","service":"qengine","timestamp":"2026-06-18 12:18:22"}
{"level":"info","message":"*****************************************","service":"qengine","timestamp":"2026-06-18 12:18:59"}
{"level":"info","message":"   QENGINE SERVER CONNECTED & SYNCED    ","service":"qengine","timestamp":"2026-06-18 12:18:59"}
{"level":"info","message":"*****************************************","service":"qengine","timestamp":"2026-06-18 12:18:59"}
{"level":"info","message":"Server running on http://localhost:3000","service":"qengine","timestamp":"2026-06-18 12:18:59"}
{"level":"info","message":"POST /api/create","service":"qengine","timestamp":"2026-06-18 12:19:05"}
{"level":"info","message":"Employee created with ID: 1","service":"qengine","timestamp":"2026-06-18 12:19:05"}
{"level":"info","message":"GET /api/all?_=1781765252848","service":"qengine","timestamp":"2026-06-18 12:19:05"}
{"level":"info","message":"GET /sw.js","service":"qengine","timestamp":"2026-06-18 12:19:06"}
{"level":"info","message":"POST /api/delete/1","service":"qengine","timestamp":"2026-06-18 12:19:17"}
{"level":"info","message":"Employee deleted with ID: 1","service":"qengine","timestamp":"2026-06-18 12:19:17"}
{"level":"info","message":"GET /api/all?_=1781765252849","service":"qengine","timestamp":"2026-06-18 12:19:17"}
{"level":"info","message":"GET /sw.js","service":"qengine","timestamp":"2026-06-18 12:19:18"}
